2026-04-30 13:01:55,340 INFO o.a.j.u.JMeterUtils: Setting Locale to en_EN
2026-04-30 13:01:55,356 INFO o.a.j.JMeter: Loading user properties from: C:\Users\Priyansu Sikdar\Downloads\apache-jmeter-5.6.3\apache-jmeter-5.6.3\bin\user.properties
2026-04-30 13:01:55,356 INFO o.a.j.JMeter: Loading system properties from: C:\Users\Priyansu Sikdar\Downloads\apache-jmeter-5.6.3\apache-jmeter-5.6.3\bin\system.properties
2026-04-30 13:01:55,356 INFO o.a.j.JMeter: Setting JMeter property: THREADS=50
2026-04-30 13:01:55,356 INFO o.a.j.JMeter: Setting JMeter property: RAMP_UP=10
2026-04-30 13:01:55,356 INFO o.a.j.JMeter: Setting JMeter property: LOOPS=5
2026-04-30 13:01:55,372 INFO o.a.j.JMeter: Copyright (c) 1998-2024 The Apache Software Foundation
2026-04-30 13:01:55,372 INFO o.a.j.JMeter: Version 5.6.3
2026-04-30 13:01:55,372 INFO o.a.j.JMeter: java.version=23.0.2
2026-04-30 13:01:55,372 INFO o.a.j.JMeter: java.vm.name=OpenJDK 64-Bit Server VM
2026-04-30 13:01:55,372 INFO o.a.j.JMeter: os.name=Windows 11
2026-04-30 13:01:55,372 INFO o.a.j.JMeter: os.arch=amd64
2026-04-30 13:01:55,372 INFO o.a.j.JMeter: os.version=10.0
2026-04-30 13:01:55,372 INFO o.a.j.JMeter: file.encoding=UTF-8
2026-04-30 13:01:55,372 INFO o.a.j.JMeter: java.awt.headless=true
2026-04-30 13:01:55,372 INFO o.a.j.JMeter: Max memory     =1073741824
2026-04-30 13:01:55,372 INFO o.a.j.JMeter: Available Processors =12
2026-04-30 13:01:55,388 INFO o.a.j.JMeter: Default Locale=English (EN)
2026-04-30 13:01:55,388 INFO o.a.j.JMeter: JMeter  Locale=English (EN)
2026-04-30 13:01:55,388 INFO o.a.j.JMeter: JMeterHome=C:\Users\Priyansu Sikdar\Downloads\apache-jmeter-5.6.3\apache-jmeter-5.6.3
2026-04-30 13:01:55,388 INFO o.a.j.JMeter: user.dir  =C:\Users\Priyansu Sikdar\IdeaProjects\JavaTestingProjects
2026-04-30 13:01:55,388 INFO o.a.j.JMeter: PWD       =C:\Users\Priyansu Sikdar\IdeaProjects\JavaTestingProjects
2026-04-30 13:01:55,388 INFO o.a.j.JMeter: IP: 192.168.70.133 Name: LAPTOP-EFR5MOHA FullName: LAPTOP-EFR5MOHA
2026-04-30 13:01:55,404 INFO o.a.j.JMeter: Setting property 'jmeter.reportgenerator.outputdir' to:'C:\Users\Priyansu Sikdar\IdeaProjects\JavaTestingProjects\target\jmeter-report'
2026-04-30 13:01:55,422 INFO o.a.j.s.FileServer: Default base='C:\Users\Priyansu Sikdar\IdeaProjects\JavaTestingProjects'
2026-04-30 13:01:55,422 INFO o.a.j.s.FileServer: Set new base='C:\Users\Priyansu Sikdar\IdeaProjects\JavaTestingProjects\src\test\jmeter'
2026-04-30 13:01:55,753 INFO o.a.j.s.SaveService: Testplan (JMX) version: 2.2. Testlog (JTL) version: 2.2
2026-04-30 13:01:55,801 INFO o.a.j.s.SaveService: Using SaveService properties version 5.0
2026-04-30 13:01:55,816 INFO o.a.j.s.SaveService: Using SaveService properties file encoding UTF-8
2026-04-30 13:01:55,816 INFO o.a.j.s.SaveService: Loading file: src\test\jmeter\user-load-test.jmx
2026-04-30 13:01:55,912 INFO o.a.j.JMeter: Creating summariser <summary>
2026-04-30 13:01:55,930 INFO o.a.j.r.d.ReportGenerator: ReportGenerator will use for Parsing the separator: ','
2026-04-30 13:01:55,930 INFO o.a.j.r.d.ReportGenerator: Will generate report at end of test from  results file: target/jmeter-results.jtl
2026-04-30 13:01:55,944 INFO o.a.j.r.d.ReportGenerator: Reading report generator properties from: C:\Users\Priyansu Sikdar\Downloads\apache-jmeter-5.6.3\apache-jmeter-5.6.3\bin\reportgenerator.properties
2026-04-30 13:01:55,944 INFO o.a.j.r.d.ReportGenerator: Merging with JMeter properties
2026-04-30 13:01:55,944 INFO o.a.j.r.c.ReportGeneratorConfiguration: Property 'jmeter.reportgenerator.temp_dir' not found, using default value 'temp' instead.
2026-04-30 13:01:55,960 INFO o.a.j.r.c.ReportGeneratorConfiguration: Property 'jmeter.reportgenerator.apdex_per_transaction' not found, using default value 'null' instead.
2026-04-30 13:01:55,976 INFO o.a.j.r.c.ReportGeneratorConfiguration: apdex_per_transaction is empty, not APDEX per transaction customization
2026-04-30 13:01:55,976 INFO o.a.j.r.c.ReportGeneratorConfiguration: Property 'jmeter.reportgenerator.sample_filter' not found, using default value 'null' instead.
2026-04-30 13:01:55,976 INFO o.a.j.r.c.ReportGeneratorConfiguration: Property 'jmeter.reportgenerator.report_title' not found, using default value 'null' instead.
2026-04-30 13:01:55,976 INFO o.a.j.r.c.ReportGeneratorConfiguration: Property 'jmeter.reportgenerator.start_date' not found, using default value 'null' instead.
2026-04-30 13:01:55,976 INFO o.a.j.r.c.ReportGeneratorConfiguration: Property 'jmeter.reportgenerator.end_date' not found, using default value 'null' instead.
2026-04-30 13:01:55,976 INFO o.a.j.r.c.ReportGeneratorConfiguration: Property 'jmeter.reportgenerator.date_format' not found, using default value 'null' instead.
2026-04-30 13:01:55,976 INFO o.a.j.r.c.ReportGeneratorConfiguration: Will use date range start date: null, end date: null
2026-04-30 13:01:55,976 INFO o.a.j.r.c.ReportGeneratorConfiguration: Property 'jmeter.reportgenerator.graph.totalTPS.exclude_controllers' not found, using default value 'false' instead.
2026-04-30 13:01:55,976 INFO o.a.j.r.c.ReportGeneratorConfiguration: Property 'jmeter.reportgenerator.graph.activeThreadsOverTime.exclude_controllers' not found, using default value 'false' instead.
2026-04-30 13:01:55,976 INFO o.a.j.r.c.ReportGeneratorConfiguration: Property 'jmeter.reportgenerator.graph.timeVsThreads.exclude_controllers' not found, using default value 'false' instead.
2026-04-30 13:01:55,976 INFO o.a.j.r.c.ReportGeneratorConfiguration: Property 'jmeter.reportgenerator.graph.responseTimeDistribution.exclude_controllers' not found, using default value 'false' instead.
2026-04-30 13:01:55,976 INFO o.a.j.r.c.ReportGeneratorConfiguration: Property 'jmeter.reportgenerator.graph.transactionsPerSecond.exclude_controllers' not found, using default value 'false' instead.
2026-04-30 13:01:55,976 INFO o.a.j.r.c.ReportGeneratorConfiguration: Property 'jmeter.reportgenerator.graph.responseTimePercentiles.exclude_controllers' not found, using default value 'false' instead.
2026-04-30 13:01:55,992 INFO o.a.j.r.c.ReportGeneratorConfiguration: Property 'jmeter.reportgenerator.graph.responseTimePercentilesOverTime.exclude_controllers' not found, using default value 'false' instead.
2026-04-30 13:01:55,992 INFO o.a.j.r.c.ReportGeneratorConfiguration: Property 'jmeter.reportgenerator.graph.responseTimesOverTime.exclude_controllers' not found, using default value 'false' instead.
2026-04-30 13:01:55,992 INFO o.a.j.r.c.ReportGeneratorConfiguration: Property 'jmeter.reportgenerator.graph.connectTimeOverTime.exclude_controllers' not found, using default value 'false' instead.
2026-04-30 13:01:55,992 INFO o.a.j.r.c.ReportGeneratorConfiguration: Property 'jmeter.reportgenerator.graph.latenciesOverTime.exclude_controllers' not found, using default value 'false' instead.
2026-04-30 13:01:55,992 INFO o.a.j.r.c.ReportGeneratorConfiguration: Property 'jmeter.reportgenerator.exporter.json.filters_only_sample_series' not found, using default value 'true' instead.
2026-04-30 13:01:55,992 INFO o.a.j.r.c.ReportGeneratorConfiguration: Property 'jmeter.reportgenerator.exporter.json.series_filter' not found, using default value '' instead.
2026-04-30 13:01:55,992 INFO o.a.j.r.c.ReportGeneratorConfiguration: Property 'jmeter.reportgenerator.exporter.json.show_controllers_only' not found, using default value 'false' instead.
2026-04-30 13:01:55,992 INFO o.a.j.r.c.ReportGeneratorConfiguration: Property 'jmeter.reportgenerator.exporter.html.filters_only_sample_series' not found, using default value 'true' instead.
2026-04-30 13:01:55,992 INFO o.a.j.r.c.ReportGeneratorConfiguration: Property 'jmeter.reportgenerator.exporter.html.series_filter' not found, using default value '' instead.
2026-04-30 13:01:55,992 INFO o.a.j.r.c.ReportGeneratorConfiguration: Property 'jmeter.reportgenerator.exporter.html.show_controllers_only' not found, using default value 'false' instead.
2026-04-30 13:01:56,024 INFO o.a.j.e.StandardJMeterEngine: Running the test!
2026-04-30 13:01:56,030 INFO o.a.j.s.SampleEvent: List of sample_variables: []
2026-04-30 13:01:56,030 INFO o.a.j.s.SampleEvent: List of sample_variables: []
2026-04-30 13:01:56,040 INFO o.a.j.e.u.CompoundVariable: Note: Function class names must contain the string: '.functions.'
2026-04-30 13:01:56,040 INFO o.a.j.e.u.CompoundVariable: Note: Function class names must not contain the string: '.gui.'
2026-04-30 13:01:56,117 ERROR o.a.j.p.j.s.JavaSampler: StandardJMeterEngine-1@1dbeab1c-Create User Test	Exception initialising: 
java.lang.ClassNotFoundException: com.testing.demo.jmeter.UserServiceSampler
	at java.base/java.net.URLClassLoader.findClass(URLClassLoader.java:445) ~[?:?]
	at java.base/java.lang.ClassLoader.loadClass(ClassLoader.java:595) ~[?:?]
	at java.base/java.lang.ClassLoader.loadClass(ClassLoader.java:528) ~[?:?]
	at java.base/java.lang.Class.forName0(Native Method) ~[?:?]
	at java.base/java.lang.Class.forName(Class.java:578) ~[?:?]
	at java.base/java.lang.Class.forName(Class.java:557) ~[?:?]
	at org.apache.jmeter.protocol.java.sampler.JavaSampler.initClass(JavaSampler.java:121) ~[ApacheJMeter_java.jar:5.6.3]
	at org.apache.jmeter.protocol.java.sampler.JavaSampler.testStarted(JavaSampler.java:270) ~[ApacheJMeter_java.jar:5.6.3]
	at org.apache.jmeter.engine.StandardJMeterEngine.notifyTestListenersOfStart(StandardJMeterEngine.java:247) ~[ApacheJMeter_core.jar:5.6.3]
	at org.apache.jmeter.engine.StandardJMeterEngine.run(StandardJMeterEngine.java:432) ~[ApacheJMeter_core.jar:5.6.3]
	at java.base/java.util.concurrent.Executors$RunnableAdapter.call(Executors.java:572) ~[?:?]
	at java.base/java.util.concurrent.FutureTask.run(FutureTask.java:317) ~[?:?]
	at java.base/java.util.concurrent.ThreadPoolExecutor.runWorker(ThreadPoolExecutor.java:1144) ~[?:?]
	at java.base/java.util.concurrent.ThreadPoolExecutor$Worker.run(ThreadPoolExecutor.java:642) ~[?:?]
	at java.base/java.lang.Thread.run(Thread.java:1575) [?:?]
2026-04-30 13:01:56,149 INFO o.a.j.JMeter: Running test (1777534316149)
2026-04-30 13:01:56,166 INFO o.a.j.e.StandardJMeterEngine: Starting ThreadGroup: 1 : User Creation Thread Group
2026-04-30 13:01:56,166 INFO o.a.j.e.StandardJMeterEngine: Starting 50 threads for group User Creation Thread Group.
2026-04-30 13:01:56,166 INFO o.a.j.e.StandardJMeterEngine: Thread will continue on error
2026-04-30 13:01:56,166 INFO o.a.j.t.ThreadGroup: Starting thread group... number=1 threads=50 ramp-up=10 delayedStart=false
2026-04-30 13:01:56,195 INFO o.a.j.t.JMeterThread: Thread started: User Creation Thread Group 1-1
2026-04-30 13:01:56,212 INFO o.a.j.t.ThreadGroup: Started thread group number 1
2026-04-30 13:01:56,212 INFO o.a.j.e.StandardJMeterEngine: All thread groups have been started
2026-04-30 13:01:56,215 INFO o.a.j.s.SampleResult: Note: Sample TimeStamps are START times
2026-04-30 13:01:56,215 INFO o.a.j.s.SampleResult: sampleresult.default.encoding is set to UTF-8
2026-04-30 13:01:56,215 INFO o.a.j.s.SampleResult: sampleresult.useNanoTime=true
2026-04-30 13:01:56,215 INFO o.a.j.s.SampleResult: sampleresult.nanoThreadSleep=5000
2026-04-30 13:01:56,218 INFO o.a.j.t.JMeterThread: Thread is done: User Creation Thread Group 1-1
2026-04-30 13:01:56,218 INFO o.a.j.t.JMeterThread: Thread finished: User Creation Thread Group 1-1
2026-04-30 13:01:56,388 INFO o.a.j.t.JMeterThread: Thread started: User Creation Thread Group 1-2
2026-04-30 13:01:56,393 INFO o.a.j.t.JMeterThread: Thread is done: User Creation Thread Group 1-2
2026-04-30 13:01:56,394 INFO o.a.j.t.JMeterThread: Thread finished: User Creation Thread Group 1-2
2026-04-30 13:01:56,589 INFO o.a.j.t.JMeterThread: Thread started: User Creation Thread Group 1-3
2026-04-30 13:01:56,596 INFO o.a.j.t.JMeterThread: Thread is done: User Creation Thread Group 1-3
2026-04-30 13:01:56,596 INFO o.a.j.t.JMeterThread: Thread finished: User Creation Thread Group 1-3
2026-04-30 13:01:56,791 INFO o.a.j.t.JMeterThread: Thread started: User Creation Thread Group 1-4
2026-04-30 13:01:56,795 INFO o.a.j.t.JMeterThread: Thread is done: User Creation Thread Group 1-4
2026-04-30 13:01:56,795 INFO o.a.j.t.JMeterThread: Thread finished: User Creation Thread Group 1-4
2026-04-30 13:01:56,979 INFO o.a.j.t.JMeterThread: Thread started: User Creation Thread Group 1-5
2026-04-30 13:01:56,987 INFO o.a.j.t.JMeterThread: Thread is done: User Creation Thread Group 1-5
2026-04-30 13:01:56,987 INFO o.a.j.t.JMeterThread: Thread finished: User Creation Thread Group 1-5
2026-04-30 13:01:57,178 INFO o.a.j.t.JMeterThread: Thread started: User Creation Thread Group 1-6
2026-04-30 13:01:57,186 INFO o.a.j.t.JMeterThread: Thread is done: User Creation Thread Group 1-6
2026-04-30 13:01:57,186 INFO o.a.j.t.JMeterThread: Thread finished: User Creation Thread Group 1-6
2026-04-30 13:01:57,374 INFO o.a.j.t.JMeterThread: Thread started: User Creation Thread Group 1-7
2026-04-30 13:01:57,380 INFO o.a.j.t.JMeterThread: Thread is done: User Creation Thread Group 1-7
2026-04-30 13:01:57,381 INFO o.a.j.t.JMeterThread: Thread finished: User Creation Thread Group 1-7
2026-04-30 13:01:57,574 INFO o.a.j.t.JMeterThread: Thread started: User Creation Thread Group 1-8
2026-04-30 13:01:57,577 INFO o.a.j.t.JMeterThread: Thread is done: User Creation Thread Group 1-8
2026-04-30 13:01:57,578 INFO o.a.j.t.JMeterThread: Thread finished: User Creation Thread Group 1-8
2026-04-30 13:01:57,772 INFO o.a.j.t.JMeterThread: Thread started: User Creation Thread Group 1-9
2026-04-30 13:01:57,779 INFO o.a.j.t.JMeterThread: Thread is done: User Creation Thread Group 1-9
2026-04-30 13:01:57,779 INFO o.a.j.t.JMeterThread: Thread finished: User Creation Thread Group 1-9
2026-04-30 13:01:57,973 INFO o.a.j.t.JMeterThread: Thread started: User Creation Thread Group 1-10
2026-04-30 13:01:57,975 INFO o.a.j.t.JMeterThread: Thread is done: User Creation Thread Group 1-10
2026-04-30 13:01:57,975 INFO o.a.j.t.JMeterThread: Thread finished: User Creation Thread Group 1-10
2026-04-30 13:01:58,175 INFO o.a.j.t.JMeterThread: Thread started: User Creation Thread Group 1-11
2026-04-30 13:01:58,177 INFO o.a.j.t.JMeterThread: Thread is done: User Creation Thread Group 1-11
2026-04-30 13:01:58,177 INFO o.a.j.t.JMeterThread: Thread finished: User Creation Thread Group 1-11
2026-04-30 13:01:58,371 INFO o.a.j.t.JMeterThread: Thread started: User Creation Thread Group 1-12
2026-04-30 13:01:58,384 INFO o.a.j.t.JMeterThread: Thread is done: User Creation Thread Group 1-12
2026-04-30 13:01:58,384 INFO o.a.j.t.JMeterThread: Thread finished: User Creation Thread Group 1-12
2026-04-30 13:01:58,572 INFO o.a.j.t.JMeterThread: Thread started: User Creation Thread Group 1-13
2026-04-30 13:01:58,577 INFO o.a.j.t.JMeterThread: Thread is done: User Creation Thread Group 1-13
2026-04-30 13:01:58,578 INFO o.a.j.t.JMeterThread: Thread finished: User Creation Thread Group 1-13
2026-04-30 13:01:58,770 INFO o.a.j.t.JMeterThread: Thread started: User Creation Thread Group 1-14
2026-04-30 13:01:58,773 INFO o.a.j.t.JMeterThread: Thread is done: User Creation Thread Group 1-14
2026-04-30 13:01:58,773 INFO o.a.j.t.JMeterThread: Thread finished: User Creation Thread Group 1-14
2026-04-30 13:01:58,976 INFO o.a.j.t.JMeterThread: Thread started: User Creation Thread Group 1-15
2026-04-30 13:01:58,980 INFO o.a.j.t.JMeterThread: Thread is done: User Creation Thread Group 1-15
2026-04-30 13:01:58,980 INFO o.a.j.t.JMeterThread: Thread finished: User Creation Thread Group 1-15
2026-04-30 13:01:59,185 INFO o.a.j.t.JMeterThread: Thread started: User Creation Thread Group 1-16
2026-04-30 13:01:59,187 INFO o.a.j.t.JMeterThread: Thread is done: User Creation Thread Group 1-16
2026-04-30 13:01:59,187 INFO o.a.j.t.JMeterThread: Thread finished: User Creation Thread Group 1-16
2026-04-30 13:01:59,373 INFO o.a.j.t.JMeterThread: Thread started: User Creation Thread Group 1-17
2026-04-30 13:01:59,375 INFO o.a.j.t.JMeterThread: Thread is done: User Creation Thread Group 1-17
2026-04-30 13:01:59,376 INFO o.a.j.t.JMeterThread: Thread finished: User Creation Thread Group 1-17
2026-04-30 13:01:59,575 INFO o.a.j.t.JMeterThread: Thread started: User Creation Thread Group 1-18
2026-04-30 13:01:59,580 INFO o.a.j.t.JMeterThread: Thread is done: User Creation Thread Group 1-18
2026-04-30 13:01:59,581 INFO o.a.j.t.JMeterThread: Thread finished: User Creation Thread Group 1-18
2026-04-30 13:01:59,772 INFO o.a.j.t.JMeterThread: Thread started: User Creation Thread Group 1-19
2026-04-30 13:01:59,775 INFO o.a.j.t.JMeterThread: Thread is done: User Creation Thread Group 1-19
2026-04-30 13:01:59,775 INFO o.a.j.t.JMeterThread: Thread finished: User Creation Thread Group 1-19
2026-04-30 13:01:59,972 INFO o.a.j.t.JMeterThread: Thread started: User Creation Thread Group 1-20
2026-04-30 13:01:59,974 INFO o.a.j.t.JMeterThread: Thread is done: User Creation Thread Group 1-20
2026-04-30 13:01:59,974 INFO o.a.j.t.JMeterThread: Thread finished: User Creation Thread Group 1-20
2026-04-30 13:02:00,171 INFO o.a.j.t.JMeterThread: Thread started: User Creation Thread Group 1-21
2026-04-30 13:02:00,176 INFO o.a.j.r.Summariser: summary +    101 in 00:00:04 =   25.1/s Avg:     0 Min:     0 Max:     0 Err:   101 (100.00%) Active: 1 Started: 21 Finished: 20
2026-04-30 13:02:00,181 INFO o.a.j.t.JMeterThread: Thread is done: User Creation Thread Group 1-21
2026-04-30 13:02:00,181 INFO o.a.j.t.JMeterThread: Thread finished: User Creation Thread Group 1-21
2026-04-30 13:02:00,371 INFO o.a.j.t.JMeterThread: Thread started: User Creation Thread Group 1-22
2026-04-30 13:02:00,376 INFO o.a.j.t.JMeterThread: Thread is done: User Creation Thread Group 1-22
2026-04-30 13:02:00,376 INFO o.a.j.t.JMeterThread: Thread finished: User Creation Thread Group 1-22
2026-04-30 13:02:00,566 INFO o.a.j.t.JMeterThread: Thread started: User Creation Thread Group 1-23
2026-04-30 13:02:00,579 INFO o.a.j.t.JMeterThread: Thread is done: User Creation Thread Group 1-23
2026-04-30 13:02:00,579 INFO o.a.j.t.JMeterThread: Thread finished: User Creation Thread Group 1-23
2026-04-30 13:02:00,768 INFO o.a.j.t.JMeterThread: Thread started: User Creation Thread Group 1-24
2026-04-30 13:02:00,770 INFO o.a.j.t.JMeterThread: Thread is done: User Creation Thread Group 1-24
2026-04-30 13:02:00,770 INFO o.a.j.t.JMeterThread: Thread finished: User Creation Thread Group 1-24
2026-04-30 13:02:00,967 INFO o.a.j.t.JMeterThread: Thread started: User Creation Thread Group 1-25
2026-04-30 13:02:00,976 INFO o.a.j.t.JMeterThread: Thread is done: User Creation Thread Group 1-25
2026-04-30 13:02:00,976 INFO o.a.j.t.JMeterThread: Thread finished: User Creation Thread Group 1-25
2026-04-30 13:02:01,170 INFO o.a.j.t.JMeterThread: Thread started: User Creation Thread Group 1-26
2026-04-30 13:02:01,172 INFO o.a.j.t.JMeterThread: Thread is done: User Creation Thread Group 1-26
2026-04-30 13:02:01,174 INFO o.a.j.t.JMeterThread: Thread finished: User Creation Thread Group 1-26
2026-04-30 13:02:01,371 INFO o.a.j.t.JMeterThread: Thread started: User Creation Thread Group 1-27
2026-04-30 13:02:01,373 INFO o.a.j.t.JMeterThread: Thread is done: User Creation Thread Group 1-27
2026-04-30 13:02:01,373 INFO o.a.j.t.JMeterThread: Thread finished: User Creation Thread Group 1-27
2026-04-30 13:02:01,573 INFO o.a.j.t.JMeterThread: Thread started: User Creation Thread Group 1-28
2026-04-30 13:02:01,575 INFO o.a.j.t.JMeterThread: Thread is done: User Creation Thread Group 1-28
2026-04-30 13:02:01,575 INFO o.a.j.t.JMeterThread: Thread finished: User Creation Thread Group 1-28
2026-04-30 13:02:01,770 INFO o.a.j.t.JMeterThread: Thread started: User Creation Thread Group 1-29
2026-04-30 13:02:01,783 INFO o.a.j.t.JMeterThread: Thread is done: User Creation Thread Group 1-29
2026-04-30 13:02:01,783 INFO o.a.j.t.JMeterThread: Thread finished: User Creation Thread Group 1-29
2026-04-30 13:02:01,968 INFO o.a.j.t.JMeterThread: Thread started: User Creation Thread Group 1-30
2026-04-30 13:02:01,970 INFO o.a.j.t.JMeterThread: Thread is done: User Creation Thread Group 1-30
2026-04-30 13:02:01,970 INFO o.a.j.t.JMeterThread: Thread finished: User Creation Thread Group 1-30
2026-04-30 13:02:02,168 INFO o.a.j.t.JMeterThread: Thread started: User Creation Thread Group 1-31
2026-04-30 13:02:02,168 INFO o.a.j.t.JMeterThread: Thread is done: User Creation Thread Group 1-31
2026-04-30 13:02:02,168 INFO o.a.j.t.JMeterThread: Thread finished: User Creation Thread Group 1-31
2026-04-30 13:02:02,369 INFO o.a.j.t.JMeterThread: Thread started: User Creation Thread Group 1-32
2026-04-30 13:02:02,371 INFO o.a.j.t.JMeterThread: Thread is done: User Creation Thread Group 1-32
2026-04-30 13:02:02,371 INFO o.a.j.t.JMeterThread: Thread finished: User Creation Thread Group 1-32
2026-04-30 13:02:02,567 INFO o.a.j.t.JMeterThread: Thread started: User Creation Thread Group 1-33
2026-04-30 13:02:02,568 INFO o.a.j.t.JMeterThread: Thread is done: User Creation Thread Group 1-33
2026-04-30 13:02:02,568 INFO o.a.j.t.JMeterThread: Thread finished: User Creation Thread Group 1-33
2026-04-30 13:02:02,769 INFO o.a.j.t.JMeterThread: Thread started: User Creation Thread Group 1-34
2026-04-30 13:02:02,771 INFO o.a.j.t.JMeterThread: Thread is done: User Creation Thread Group 1-34
2026-04-30 13:02:02,771 INFO o.a.j.t.JMeterThread: Thread finished: User Creation Thread Group 1-34
2026-04-30 13:02:02,968 INFO o.a.j.t.JMeterThread: Thread started: User Creation Thread Group 1-35
2026-04-30 13:02:02,970 INFO o.a.j.t.JMeterThread: Thread is done: User Creation Thread Group 1-35
2026-04-30 13:02:02,970 INFO o.a.j.t.JMeterThread: Thread finished: User Creation Thread Group 1-35
2026-04-30 13:02:03,167 INFO o.a.j.t.JMeterThread: Thread started: User Creation Thread Group 1-36
2026-04-30 13:02:03,167 INFO o.a.j.t.JMeterThread: Thread is done: User Creation Thread Group 1-36
2026-04-30 13:02:03,169 INFO o.a.j.t.JMeterThread: Thread finished: User Creation Thread Group 1-36
2026-04-30 13:02:03,368 INFO o.a.j.t.JMeterThread: Thread started: User Creation Thread Group 1-37
2026-04-30 13:02:03,370 INFO o.a.j.t.JMeterThread: Thread is done: User Creation Thread Group 1-37
2026-04-30 13:02:03,370 INFO o.a.j.t.JMeterThread: Thread finished: User Creation Thread Group 1-37
2026-04-30 13:02:03,568 INFO o.a.j.t.JMeterThread: Thread started: User Creation Thread Group 1-38
2026-04-30 13:02:03,569 INFO o.a.j.t.JMeterThread: Thread is done: User Creation Thread Group 1-38
2026-04-30 13:02:03,569 INFO o.a.j.t.JMeterThread: Thread finished: User Creation Thread Group 1-38
2026-04-30 13:02:03,768 INFO o.a.j.t.JMeterThread: Thread started: User Creation Thread Group 1-39
2026-04-30 13:02:03,774 INFO o.a.j.t.JMeterThread: Thread is done: User Creation Thread Group 1-39
2026-04-30 13:02:03,775 INFO o.a.j.t.JMeterThread: Thread finished: User Creation Thread Group 1-39
2026-04-30 13:02:03,968 INFO o.a.j.t.JMeterThread: Thread started: User Creation Thread Group 1-40
2026-04-30 13:02:03,970 INFO o.a.j.t.JMeterThread: Thread is done: User Creation Thread Group 1-40
2026-04-30 13:02:03,970 INFO o.a.j.t.JMeterThread: Thread finished: User Creation Thread Group 1-40
2026-04-30 13:02:04,166 INFO o.a.j.t.JMeterThread: Thread started: User Creation Thread Group 1-41
2026-04-30 13:02:04,166 INFO o.a.j.t.JMeterThread: Thread is done: User Creation Thread Group 1-41
2026-04-30 13:02:04,166 INFO o.a.j.t.JMeterThread: Thread finished: User Creation Thread Group 1-41
2026-04-30 13:02:04,368 INFO o.a.j.t.JMeterThread: Thread started: User Creation Thread Group 1-42
2026-04-30 13:02:04,369 INFO o.a.j.t.JMeterThread: Thread is done: User Creation Thread Group 1-42
2026-04-30 13:02:04,369 INFO o.a.j.t.JMeterThread: Thread finished: User Creation Thread Group 1-42
2026-04-30 13:02:04,568 INFO o.a.j.t.JMeterThread: Thread started: User Creation Thread Group 1-43
2026-04-30 13:02:04,570 INFO o.a.j.t.JMeterThread: Thread is done: User Creation Thread Group 1-43
2026-04-30 13:02:04,570 INFO o.a.j.t.JMeterThread: Thread finished: User Creation Thread Group 1-43
2026-04-30 13:02:04,770 INFO o.a.j.t.JMeterThread: Thread started: User Creation Thread Group 1-44
2026-04-30 13:02:04,772 INFO o.a.j.t.JMeterThread: Thread is done: User Creation Thread Group 1-44
2026-04-30 13:02:04,772 INFO o.a.j.t.JMeterThread: Thread finished: User Creation Thread Group 1-44
2026-04-30 13:02:04,968 INFO o.a.j.t.JMeterThread: Thread started: User Creation Thread Group 1-45
2026-04-30 13:02:04,971 INFO o.a.j.t.JMeterThread: Thread is done: User Creation Thread Group 1-45
2026-04-30 13:02:04,971 INFO o.a.j.t.JMeterThread: Thread finished: User Creation Thread Group 1-45
2026-04-30 13:02:05,169 INFO o.a.j.t.JMeterThread: Thread started: User Creation Thread Group 1-46
2026-04-30 13:02:05,169 INFO o.a.j.t.JMeterThread: Thread is done: User Creation Thread Group 1-46
2026-04-30 13:02:05,169 INFO o.a.j.t.JMeterThread: Thread finished: User Creation Thread Group 1-46
2026-04-30 13:02:05,368 INFO o.a.j.t.JMeterThread: Thread started: User Creation Thread Group 1-47
2026-04-30 13:02:05,369 INFO o.a.j.t.JMeterThread: Thread is done: User Creation Thread Group 1-47
2026-04-30 13:02:05,370 INFO o.a.j.t.JMeterThread: Thread finished: User Creation Thread Group 1-47
2026-04-30 13:02:05,569 INFO o.a.j.t.JMeterThread: Thread started: User Creation Thread Group 1-48
2026-04-30 13:02:05,571 INFO o.a.j.t.JMeterThread: Thread is done: User Creation Thread Group 1-48
2026-04-30 13:02:05,571 INFO o.a.j.t.JMeterThread: Thread finished: User Creation Thread Group 1-48
2026-04-30 13:02:05,768 INFO o.a.j.t.JMeterThread: Thread started: User Creation Thread Group 1-49
2026-04-30 13:02:05,774 INFO o.a.j.t.JMeterThread: Thread is done: User Creation Thread Group 1-49
2026-04-30 13:02:05,774 INFO o.a.j.t.JMeterThread: Thread finished: User Creation Thread Group 1-49
2026-04-30 13:02:05,968 INFO o.a.j.t.JMeterThread: Thread started: User Creation Thread Group 1-50
2026-04-30 13:02:05,968 INFO o.a.j.t.JMeterThread: Thread is done: User Creation Thread Group 1-50
2026-04-30 13:02:05,968 INFO o.a.j.t.JMeterThread: Thread finished: User Creation Thread Group 1-50
2026-04-30 13:02:05,970 INFO o.a.j.e.StandardJMeterEngine: Notifying test listeners of end of test
2026-04-30 13:02:05,970 INFO o.a.j.r.Summariser: summary +    149 in 00:00:06 =   25.7/s Avg:     0 Min:     0 Max:     0 Err:   149 (100.00%) Active: 0 Started: 50 Finished: 50
2026-04-30 13:02:05,972 INFO o.a.j.r.Summariser: summary =    250 in 00:00:10 =   25.5/s Avg:     0 Min:     0 Max:     0 Err:   250 (100.00%)
2026-04-30 13:02:05,975 INFO o.a.j.JMeter: Generating Dashboard
2026-04-30 13:02:05,975 INFO o.a.j.r.d.ReportGenerator: Flushing result collector before report Generation
2026-04-30 13:02:06,006 INFO o.a.j.r.p.NormalizerSampleConsumer: Using format, 'ms', to parse timeStamp field
2026-04-30 13:02:06,170 INFO o.a.j.r.p.AbstractSampleConsumer: class org.apache.jmeter.report.processor.AggregateConsumer#stopProducing(): beginDate produced 0 samples
2026-04-30 13:02:06,170 INFO o.a.j.r.p.AbstractSampleConsumer: class org.apache.jmeter.report.processor.AggregateConsumer#stopProducing(): endDate produced 0 samples
2026-04-30 13:02:06,176 INFO o.a.j.r.p.AbstractSampleConsumer: class org.apache.jmeter.report.processor.ApdexSummaryConsumer#stopProducing(): apdexSummary produced 0 samples
2026-04-30 13:02:06,177 INFO o.a.j.r.p.AbstractSampleConsumer: class org.apache.jmeter.report.processor.RequestsSummaryConsumer#stopProducing(): requestsSummary produced 0 samples
2026-04-30 13:02:06,188 INFO o.a.j.r.p.AbstractSampleConsumer: class org.apache.jmeter.report.processor.StatisticsSummaryConsumer#stopProducing(): statisticsSummary produced 0 samples
2026-04-30 13:02:06,188 INFO o.a.j.r.p.AbstractSampleConsumer: class org.apache.jmeter.report.processor.Top5ErrorsBySamplerConsumer#stopProducing(): top5ErrorsBySampler produced 0 samples
2026-04-30 13:02:06,188 INFO o.a.j.r.p.AbstractSampleConsumer: class org.apache.jmeter.report.processor.ErrorsSummaryConsumer#stopProducing(): errorsSummary produced 0 samples
2026-04-30 13:02:06,188 INFO o.a.j.r.p.AbstractSampleConsumer: class org.apache.jmeter.report.processor.graph.impl.HitsPerSecondGraphConsumer#stopProducing(): hitsPerSecond produced 0 samples
2026-04-30 13:02:06,219 INFO o.a.j.r.p.AbstractSampleConsumer: class org.apache.jmeter.report.processor.graph.impl.LatencyVSRequestGraphConsumer#stopProducing(): latencyVsRequest produced 0 samples
2026-04-30 13:02:06,219 INFO o.a.j.r.p.AbstractSampleConsumer: class org.apache.jmeter.report.processor.graph.impl.SyntheticResponseTimeDistributionGraphConsumer#stopProducing(): syntheticResponseTimeDistribution produced 0 samples
2026-04-30 13:02:06,219 INFO o.a.j.r.p.AbstractSampleConsumer: class org.apache.jmeter.report.processor.graph.impl.BytesThroughputGraphConsumer#stopProducing(): bytesThroughputOverTime produced 0 samples
2026-04-30 13:02:06,219 INFO o.a.j.r.p.AbstractSampleConsumer: class org.apache.jmeter.report.processor.graph.impl.CodesPerSecondGraphConsumer#stopProducing(): codesPerSecond produced 0 samples
2026-04-30 13:02:06,233 INFO o.a.j.r.p.AbstractSampleConsumer: class org.apache.jmeter.report.processor.graph.impl.ResponseTimeVSRequestGraphConsumer#stopProducing(): responseTimeVsRequest produced 0 samples
2026-04-30 13:02:06,236 INFO o.a.j.r.p.AbstractSampleConsumer: class org.apache.jmeter.report.processor.FilterConsumer#stopProducing(): startIntervalControlerFilter produced 1750 samples
2026-04-30 13:02:06,237 INFO o.a.j.r.p.AbstractSampleConsumer: class org.apache.jmeter.report.processor.graph.impl.TotalTPSGraphConsumer#stopProducing(): totalTPS produced 0 samples
2026-04-30 13:02:06,237 INFO o.a.j.r.p.AbstractSampleConsumer: class org.apache.jmeter.report.processor.graph.impl.ActiveThreadsGraphConsumer#stopProducing(): activeThreadsOverTime produced 0 samples
2026-04-30 13:02:06,237 INFO o.a.j.r.p.AbstractSampleConsumer: class org.apache.jmeter.report.processor.graph.impl.TimeVSThreadGraphConsumer#stopProducing(): timeVsThreads produced 0 samples
2026-04-30 13:02:06,237 INFO o.a.j.r.p.AbstractSampleConsumer: class org.apache.jmeter.report.processor.graph.impl.ResponseTimeDistributionGraphConsumer#stopProducing(): responseTimeDistribution produced 0 samples
2026-04-30 13:02:06,239 INFO o.a.j.r.p.AbstractSampleConsumer: class org.apache.jmeter.report.processor.graph.impl.TransactionsPerSecondGraphConsumer#stopProducing(): transactionsPerSecond produced 0 samples
2026-04-30 13:02:06,239 INFO o.a.j.r.p.AbstractSampleConsumer: class org.apache.jmeter.report.processor.graph.impl.ResponseTimePercentilesGraphConsumer#stopProducing(): responseTimePercentiles produced 0 samples
2026-04-30 13:02:06,239 INFO o.a.j.r.p.AbstractSampleConsumer: class org.apache.jmeter.report.processor.graph.impl.ResponseTimePercentilesOverTimeGraphConsumer#stopProducing(): responseTimePercentilesOverTime produced 0 samples
2026-04-30 13:02:06,239 INFO o.a.j.r.p.AbstractSampleConsumer: class org.apache.jmeter.report.processor.graph.impl.ResponseTimeOverTimeGraphConsumer#stopProducing(): responseTimesOverTime produced 0 samples
2026-04-30 13:02:06,239 INFO o.a.j.r.p.AbstractSampleConsumer: class org.apache.jmeter.report.processor.graph.impl.ConnectTimeOverTimeGraphConsumer#stopProducing(): connectTimeOverTime produced 0 samples
2026-04-30 13:02:06,239 INFO o.a.j.r.p.AbstractSampleConsumer: class org.apache.jmeter.report.processor.graph.impl.LatencyOverTimeGraphConsumer#stopProducing(): latenciesOverTime produced 0 samples
2026-04-30 13:02:06,239 INFO o.a.j.r.p.AbstractSampleConsumer: class org.apache.jmeter.report.processor.FilterConsumer#stopProducing(): nameFilter produced 3750 samples
2026-04-30 13:02:06,239 INFO o.a.j.r.p.AbstractSampleConsumer: class org.apache.jmeter.report.processor.FilterConsumer#stopProducing(): dateRangeFilter produced 750 samples
2026-04-30 13:02:06,239 INFO o.a.j.r.p.AbstractSampleConsumer: class org.apache.jmeter.report.processor.NormalizerSampleConsumer#stopProducing(): normalizer produced 250 samples
2026-04-30 13:02:06,241 INFO o.a.j.r.p.CsvFileSampleSource: produce(): 250 samples produced in 197ms on channel 0
2026-04-30 13:02:06,241 INFO o.a.j.r.d.ReportGenerator: Exporting data using exporter:'json' of className:'org.apache.jmeter.report.dashboard.JsonExporter'
2026-04-30 13:02:06,339 INFO o.a.j.r.d.JsonExporter: Found data for consumer statisticsSummary in context
2026-04-30 13:02:06,355 INFO o.a.j.r.d.JsonExporter: Creating statistics for overall
2026-04-30 13:02:06,355 INFO o.a.j.r.d.JsonExporter: Creating statistics for other transactions
2026-04-30 13:02:06,356 INFO o.a.j.r.d.JsonExporter: Checking output folder
2026-04-30 13:02:06,356 INFO o.a.j.r.d.JsonExporter: Writing statistics JSON to C:\Users\Priyansu Sikdar\IdeaProjects\JavaTestingProjects\target\jmeter-report\statistics.json
2026-04-30 13:02:06,423 INFO o.a.j.r.d.ReportGenerator: Exporting data using exporter:'html' of className:'org.apache.jmeter.report.dashboard.HtmlTemplateExporter'
2026-04-30 13:02:06,425 INFO o.a.j.r.d.HtmlTemplateExporter: Will generate dashboard in folder: C:\Users\Priyansu Sikdar\IdeaProjects\JavaTestingProjects\target\jmeter-report
2026-04-30 13:02:06,591 INFO o.a.j.r.d.HtmlTemplateExporter: Report will be generated in: C:\Users\Priyansu Sikdar\IdeaProjects\JavaTestingProjects\target\jmeter-report, creating folder structure
2026-04-30 13:02:06,591 INFO o.a.j.r.d.TemplateVisitor: Copying folder from 'C:\Users\Priyansu Sikdar\Downloads\apache-jmeter-5.6.3\apache-jmeter-5.6.3\bin\report-template' to 'C:\Users\Priyansu Sikdar\IdeaProjects\JavaTestingProjects\target\jmeter-report', got message: C:\Users\Priyansu Sikdar\IdeaProjects\JavaTestingProjects\target\jmeter-report, found non empty folder with following content [C:\Users\Priyansu Sikdar\IdeaProjects\JavaTestingProjects\target\jmeter-report\statistics.json], will be ignored
2026-04-30 13:02:07,026 INFO o.a.j.JMeter: Dashboard generated
